"invoices=3|inv1.state=paid|inv2.state=paid|inv3.state=issued|inv1.total=29|inv2.total=189.5075|inv3.total=104.544|inv1.tax=0|inv2.tax=30.2575|inv3.tax=17.424|inv1.paid=29|inv2.paid=189.5075|inv3.paid=84.544|inv3.refunds=1|paidCount=2|overdueCount=0|revenueUSD=303.0515|taxUSD=47.6815|revenueEUR=278.8074|pastDueCount=0|violationsOrg2=1|violationsOrg2[0].kind=soft|violationsOrg3=1|violationsOrg3[0].kind=hard|sub1.plan=pro|upgradeProrate=-23.3333|audit.count=16|audit.charge=2|audit.refund=1|audit.overdue=1|summer.redeemed=1"
