[false,"E:NotBoolean","E:NotBoolean","E:NotBoolean","E:NotBoolean","E:NotBoolean",1,false,true,"E:NotBoolean","E:NotBoolean",true,2,"E:NotBoolean",false,true,false,false,true,false,true,false,true,"E:TypeMismatch","E:TypeMismatch",true,3,"ab","E:TypeMismatch","E:TypeMismatch","E:TypeMismatch","E:TypeMismatch","E:TypeMismatch","E:TypeMismatch",true,"E:TypeMismatch","E:TypeMismatch","n=2",null,null,null,null,null,"object","E:UnknownName","E:UnknownName","E:TypeMismatch",false,"def",0,null,2,false,false,true,3,1,3,null]
